// Jest Snapshot v1, https://goo.gl/fbAQLP

exports[`reducers fileDialog should handle OPEN_FILE 1`] = `
Object {
  "fileData": Object {
    "foo": "bar",
  },
  "hierarchicalLayout": false,
  "selectedFilename": undefined,
}
`;

exports[`reducers fileDialog should handle OPEN_FILE_ERROR 1`] = `
Object {
  "errorMessage": undefined,
  "fileData": null,
  "isError": true,
  "selectedFilename": "",
}
`;

exports[`reducers fileDialog should handle initial state 1`] = `
Object {
  "errorMessage": "",
  "fileData": Object {},
  "isError": false,
  "selectedFilename": "",
}
`;
